// Vitest Snapshot v1, https://vitest.dev/guide/snapshot.html

exports[`Render Box correctly 1`] = `
<DocumentFragment>
  <div
    class="MuiBox-root css-0"
  />
</DocumentFragment>
`;
